node.exe : ΓÜá Warning: Next.js inferred your 
workspace root, but it may not be correct.
At line:1 char:1
+ & "C:\Program Files\nodejs/node.exe" "C:\Program 
Files\nodejs/node_mo ...
+ ~~~~~~~~~~~~~~~~~~~~~~~~~~~~~~~~~~~~~~~~~~~~~~~~~
~~~~~~~~~~~~~~~~~~~~
    + CategoryInfo          : NotSpecified: (ΓÜá W 
   arning: Ne...not be correct.:String) [], Remot  
  eException
    + FullyQualifiedErrorId : NativeCommandError
 
 We detected multiple lockfiles and selected the 
directory of C:\Users\biswa\OneDrive\Desktop\exemp 
- SQL\package-lock.json as the root directory.
 To silence this warning, set `turbopack.root` in 
your Next.js config, or consider removing one of 
the lockfiles if it's not needed.
   See https://nextjs.org/docs/app/api-reference/co
nfig/next-config-js/turbopack#root-directory for 
more information.
 Detected additional lockfiles: 
   * C:\Users\biswa\OneDrive\Desktop\exemp - SQL\Ex
-Employee-Verification-Portal\package-lock.json

Γû▓ Next.js 16.1.6 (Turbopack)
- Environments: .env

  Creating an optimized production build ...
/*! ≡ƒî╝ daisyUI 5.5.18 */
Γ£ô Compiled successfully in 19.8s
  Running TypeScript ...
  Collecting page data using 11 workers ...
Error [PrismaClientInitializationError]: 
`PrismaClient` needs to be constructed with a 
non-empty, valid `PrismaClientOptions`:

```
new PrismaClient({
  ...
})
```

or

```
constructor() {
  super({ ... });
}
```
          
    at module evaluation 
(C:\Users\biswa\OneDrive\Desktop\exemp - SQL\Ex-Emp
loyee-Verification-Portal\.next\server\chunks\[root
-of-the-server]__0abcb6c0._.js:1:1293)
    at instantiateModule 
(C:\Users\biswa\OneDrive\Desktop\exemp - SQL\Ex-Emp
loyee-Verification-Portal\.next\server\chunks\[turb
opack]_runtime.js:740:9)
    at getOrInstantiateModuleFromParent 
(C:\Users\biswa\OneDrive\Desktop\exemp - SQL\Ex-Emp
loyee-Verification-Portal\.next\server\chunks\[turb
opack]_runtime.js:763:12)
    at Context.esmImport [as i] 
(C:\Users\biswa\OneDrive\Desktop\exemp - SQL\Ex-Emp
loyee-Verification-Portal\.next\server\chunks\[turb
opack]_runtime.js:228:20)
    at module evaluation 
(C:\Users\biswa\OneDrive\Desktop\exemp - SQL\Ex-Emp
loyee-Verification-Portal\.next\server\chunks\[root
-of-the-server]__0abcb6c0._.js:1:2720)
    at instantiateModule 
(C:\Users\biswa\OneDrive\Desktop\exemp - SQL\Ex-Emp
loyee-Verification-Portal\.next\server\chunks\[turb
opack]_runtime.js:740:9)
    at getOrInstantiateModuleFromParent 
(C:\Users\biswa\OneDrive\Desktop\exemp - SQL\Ex-Emp
loyee-Verification-Portal\.next\server\chunks\[turb
opack]_runtime.js:763:12)
    at Context.esmImport [as i] 
(C:\Users\biswa\OneDrive\Desktop\exemp - SQL\Ex-Emp
loyee-Verification-Portal\.next\server\chunks\[turb
opack]_runtime.js:228:20)
    at module evaluation 
(C:\Users\biswa\OneDrive\Desktop\exemp - SQL\Ex-Emp
loyee-Verification-Portal\.next\server\chunks\[root
-of-the-server]__0abcb6c0._.js:1:8110) {
  clientVersion: '7.4.0',
  errorCode: undefined,
  retryable: undefined
}
Error [PrismaClientInitializationError]: 
`PrismaClient` needs to be constructed with a 
non-empty, valid `PrismaClientOptions`:

```
new PrismaClient({
  ...
})
```

or

```
constructor() {
  super({ ... });
}
```
          
    at module evaluation 
(C:\Users\biswa\OneDrive\Desktop\exemp - SQL\Ex-Emp
loyee-Verification-Portal\.next\server\chunks\[root
-of-the-server]__322f662c._.js:1:1353)
    at instantiateModule 
(C:\Users\biswa\OneDrive\Desktop\exemp - SQL\Ex-Emp
loyee-Verification-Portal\.next\server\chunks\[turb
opack]_runtime.js:740:9)
    at getOrInstantiateModuleFromParent 
(C:\Users\biswa\OneDrive\Desktop\exemp - SQL\Ex-Emp
loyee-Verification-Portal\.next\server\chunks\[turb
opack]_runtime.js:763:12)
    at Context.esmImport [as i] 
(C:\Users\biswa\OneDrive\Desktop\exemp - SQL\Ex-Emp
loyee-Verification-Portal\.next\server\chunks\[turb
opack]_runtime.js:228:20)
    at module evaluation 
(C:\Users\biswa\OneDrive\Desktop\exemp - SQL\Ex-Emp
loyee-Verification-Portal\.next\server\chunks\[root
-of-the-server]__322f662c._.js:1:2838)
    at instantiateModule 
(C:\Users\biswa\OneDrive\Desktop\exemp - SQL\Ex-Emp
loyee-Verification-Portal\.next\server\chunks\[turb
opack]_runtime.js:740:9)
    at getOrInstantiateModuleFromParent 
(C:\Users\biswa\OneDrive\Desktop\exemp - SQL\Ex-Emp
loyee-Verification-Portal\.next\server\chunks\[turb
opack]_runtime.js:763:12)
    at Context.esmImport [as i] 
(C:\Users\biswa\OneDrive\Desktop\exemp - SQL\Ex-Emp
loyee-Verification-Portal\.next\server\chunks\[turb
opack]_runtime.js:228:20)
    at module evaluation 
(C:\Users\biswa\OneDrive\Desktop\exemp - SQL\Ex-Emp
loyee-Verification-Portal\.next\server\chunks\[root
-of-the-server]__322f662c._.js:1:4915) {
  clientVersion: '7.4.0',
  errorCode: undefined,
  retryable: undefined
}

> Build error occurred
Error: Failed to collect page data for 
/api/auth/send-otp
    at ignore-listed frames {
  type: 'Error'
}
